10.100.4.126 - - [28/Jan/2015:10:36:47 +0530] "GET /carbon/admin/jsp/session-validate.jsp HTTP/1.1" 200 3348 "https://10.100.4.126:9443/carbon/admin/index.jsp" "Mozilla/5.0 (X11; Linux x86_64) AppleWebKit/537.36 (KHTML, like Gecko) Chrome/36.0.1985.125 Safari/537.36"
10.100.4.126 - - [28/Jan/2015:10:36:47 +0530] "GET /carbon/server-admin/system_status_ajaxprocessor.jsp HTTP/1.1" 200 1257 "https://10.100.4.126:9443/carbon/admin/index.jsp" "Mozilla/5.0 (X11; Linux x86_64) AppleWebKit/537.36 (KHTML, like Gecko) Chrome/36.0.1985.125 Safari/537.36"
10.100.4.126 - - [28/Jan/2015:10:36:53 +0530] "GET /carbon/admin/jsp/session-validate.jsp HTTP/1.1" 200 3348 "https://10.100.4.126:9443/carbon/admin/index.jsp" "Mozilla/5.0 (X11; Linux x86_64) AppleWebKit/537.36 (KHTML, like Gecko) Chrome/36.0.1985.125 Safari/537.36"
10.100.4.126 - - [28/Jan/2015:10:36:53 +0530] "GET /carbon/server-admin/system_status_ajaxprocessor.jsp HTTP/1.1" 200 1258 "https://10.100.4.126:9443/carbon/admin/index.jsp" "Mozilla/5.0 (X11; Linux x86_64) AppleWebKit/537.36 (KHTML, like Gecko) Chrome/36.0.1985.125 Safari/537.36"
10.100.4.126 - - [28/Jan/2015:10:36:59 +0530] "GET /carbon/admin/jsp/session-validate.jsp HTTP/1.1" 200 3348 "https://10.100.4.126:9443/carbon/admin/index.jsp" "Mozilla/5.0 (X11; Linux x86_64) AppleWebKit/537.36 (KHTML, like Gecko) Chrome/36.0.1985.125 Safari/537.36"
10.100.4.126 - - [28/Jan/2015:10:36:59 +0530] "GET /carbon/server-admin/system_status_ajaxprocessor.jsp HTTP/1.1" 200 1254 "https://10.100.4.126:9443/carbon/admin/index.jsp" "Mozilla/5.0 (X11; Linux x86_64) AppleWebKit/537.36 (KHTML, like Gecko) Chrome/36.0.1985.125 Safari/537.36"
10.100.4.126 - - [28/Jan/2015:10:37:05 +0530] "GET /carbon/admin/jsp/session-validate.jsp HTTP/1.1" 200 3348 "https://10.100.4.126:9443/carbon/admin/index.jsp" "Mozilla/5.0 (X11; Linux x86_64) AppleWebKit/537.36 (KHTML, like Gecko) Chrome/36.0.1985.125 Safari/537.36"
10.100.4.126 - - [28/Jan/2015:10:37:05 +0530] "GET /carbon/server-admin/system_status_ajaxprocessor.jsp HTTP/1.1" 200 1255 "https://10.100.4.126:9443/carbon/admin/index.jsp" "Mozilla/5.0 (X11; Linux x86_64) AppleWebKit/537.36 (KHTML, like Gecko) Chrome/36.0.1985.125 Safari/537.36"
10.100.4.126 - - [28/Jan/2015:10:37:11 +0530] "GET /carbon/admin/jsp/session-validate.jsp HTTP/1.1" 200 3348 "https://10.100.4.126:9443/carbon/admin/index.jsp" "Mozilla/5.0 (X11; Linux x86_64) AppleWebKit/537.36 (KHTML, like Gecko) Chrome/36.0.1985.125 Safari/537.36"
10.100.4.126 - - [28/Jan/2015:10:37:11 +0530] "GET /carbon/server-admin/system_status_ajaxprocessor.jsp HTTP/1.1" 200 1258 "https://10.100.4.126:9443/carbon/admin/index.jsp" "Mozilla/5.0 (X11; Linux x86_64) AppleWebKit/537.36 (KHTML, like Gecko) Chrome/36.0.1985.125 Safari/537.36"
127.0.0.1 - - [28/Jan/2015:10:45:28 +0530] "POST /endpoints/twitter_input_adaptor/live_tweet HTTP/1.1" 200 - "-" "Synapse-PT-HttpComponents-NIO"
127.0.0.1 - - [28/Jan/2015:10:45:28 +0530] "HEAD /registry/atom/_system/governance/en-doccat.bin HTTP/1.1" 200 - "-" "Abdera/v1.0-wso2v1"
127.0.0.1 - - [28/Jan/2015:10:45:29 +0530] "GET /registry/atom/_system/governance/en-doccat.bin HTTP/1.1" 200 1334 "-" "Abdera/v1.0-wso2v1"
127.0.0.1 - - [28/Jan/2015:10:45:29 +0530] "GET /registry/resource/_system/governance/en-doccat.bin HTTP/1.1" 200 3274 "-" "Java/1.7.0_03"
127.0.0.1 - - [28/Jan/2015:10:45:29 +0530] "HEAD /registry/atom/_system/governance/en-trafficlevel.bin HTTP/1.1" 200 - "-" "Abdera/v1.0-wso2v1"
127.0.0.1 - - [28/Jan/2015:10:45:29 +0530] "GET /registry/atom/_system/governance/en-trafficlevel.bin HTTP/1.1" 200 1388 "-" "Abdera/v1.0-wso2v1"
127.0.0.1 - - [28/Jan/2015:10:45:29 +0530] "GET /registry/resource/_system/governance/en-trafficlevel.bin HTTP/1.1" 200 119819 "-" "Java/1.7.0_03"
127.0.0.1 - - [28/Jan/2015:10:45:29 +0530] "HEAD /registry/atom/_system/governance/en-location.bin HTTP/1.1" 200 - "-" "Abdera/v1.0-wso2v1"
127.0.0.1 - - [28/Jan/2015:10:45:29 +0530] "GET /registry/atom/_system/governance/en-location.bin HTTP/1.1" 200 1352 "-" "Abdera/v1.0-wso2v1"
127.0.0.1 - - [28/Jan/2015:10:45:29 +0530] "GET /registry/resource/_system/governance/en-location.bin HTTP/1.1" 200 160767 "-" "Java/1.7.0_03"
127.0.0.1 - - [28/Jan/2015:10:52:47 +0530] "POST /endpoints/twitter_input_adaptor/live_tweet HTTP/1.1" 200 - "-" "Synapse-PT-HttpComponents-NIO"
10.100.4.126 - - [28/Jan/2015:10:53:31 +0530] "GET /outputwebsocket/UIOutputEventAdaptor/feedwebsocket HTTP/1.1" 101 - "-" "Mozilla/5.0 (X11; Linux x86_64) AppleWebKit/537.36 (KHTML, like Gecko) Chrome/36.0.1985.125 Safari/537.36"
10.100.4.126 - - [28/Jan/2015:10:53:31 +0530] "GET /outputwebsocket/InitialLoadOutputEventAdaptor/initialloadoutputwebsocket HTTP/1.1" 101 - "-" "Mozilla/5.0 (X11; Linux x86_64) AppleWebKit/537.36 (KHTML, like Gecko) Chrome/36.0.1985.125 Safari/537.36"
10.100.4.126 - - [28/Jan/2015:10:53:31 +0530] "GET /inputwebsocket/InitialLoadInputEventAdaptor/initialloadinputwebsocket HTTP/1.1" 101 - "-" "Mozilla/5.0 (X11; Linux x86_64) AppleWebKit/537.36 (KHTML, like Gecko) Chrome/36.0.1985.125 Safari/537.36"
10.100.4.126 - - [28/Jan/2015:10:56:55 +0530] "GET /outputwebsocket/UIOutputEventAdaptor/feedwebsocket HTTP/1.1" 101 - "-" "Mozilla/5.0 (X11; Linux x86_64) AppleWebKit/537.36 (KHTML, like Gecko) Chrome/36.0.1985.125 Safari/537.36"
10.100.4.126 - - [28/Jan/2015:10:56:55 +0530] "GET /outputwebsocket/InitialLoadOutputEventAdaptor/initialloadoutputwebsocket HTTP/1.1" 101 - "-" "Mozilla/5.0 (X11; Linux x86_64) AppleWebKit/537.36 (KHTML, like Gecko) Chrome/36.0.1985.125 Safari/537.36"
10.100.4.126 - - [28/Jan/2015:10:56:55 +0530] "GET /inputwebsocket/InitialLoadInputEventAdaptor/initialloadinputwebsocket HTTP/1.1" 101 - "-" "Mozilla/5.0 (X11; Linux x86_64) AppleWebKit/537.36 (KHTML, like Gecko) Chrome/36.0.1985.125 Safari/537.36"
10.100.4.126 - - [28/Jan/2015:10:57:03 +0530] "GET /outputwebsocket/UIOutputEventAdaptor/feedwebsocket HTTP/1.1" 101 - "-" "Mozilla/5.0 (X11; Linux x86_64) AppleWebKit/537.36 (KHTML, like Gecko) Chrome/36.0.1985.125 Safari/537.36"
10.100.4.126 - - [28/Jan/2015:10:57:03 +0530] "GET /outputwebsocket/InitialLoadOutputEventAdaptor/initialloadoutputwebsocket HTTP/1.1" 101 - "-" "Mozilla/5.0 (X11; Linux x86_64) AppleWebKit/537.36 (KHTML, like Gecko) Chrome/36.0.1985.125 Safari/537.36"
10.100.4.126 - - [28/Jan/2015:10:57:03 +0530] "GET /inputwebsocket/InitialLoadInputEventAdaptor/initialloadinputwebsocket HTTP/1.1" 101 - "-" "Mozilla/5.0 (X11; Linux x86_64) AppleWebKit/537.36 (KHTML, like Gecko) Chrome/36.0.1985.125 Safari/537.36"
10.100.4.126 - - [28/Jan/2015:10:57:21 +0530] "GET /outputwebsocket/UIOutputEventAdaptor/feedwebsocket HTTP/1.1" 101 - "-" "Mozilla/5.0 (X11; Linux x86_64) AppleWebKit/537.36 (KHTML, like Gecko) Chrome/36.0.1985.125 Safari/537.36"
10.100.4.126 - - [28/Jan/2015:10:57:21 +0530] "GET /outputwebsocket/InitialLoadOutputEventAdaptor/initialloadoutputwebsocket HTTP/1.1" 101 - "-" "Mozilla/5.0 (X11; Linux x86_64) AppleWebKit/537.36 (KHTML, like Gecko) Chrome/36.0.1985.125 Safari/537.36"
10.100.4.126 - - [28/Jan/2015:10:57:21 +0530] "GET /inputwebsocket/InitialLoadInputEventAdaptor/initialloadinputwebsocket HTTP/1.1" 101 - "-" "Mozilla/5.0 (X11; Linux x86_64) AppleWebKit/537.36 (KHTML, like Gecko) Chrome/36.0.1985.125 Safari/537.36"
10.100.4.126 - - [28/Jan/2015:10:57:50 +0530] "GET /outputwebsocket/UIOutputEventAdaptor/feedwebsocket HTTP/1.1" 101 - "-" "Mozilla/5.0 (X11; Linux x86_64) AppleWebKit/537.36 (KHTML, like Gecko) Chrome/36.0.1985.125 Safari/537.36"
10.100.4.126 - - [28/Jan/2015:10:57:50 +0530] "GET /outputwebsocket/InitialLoadOutputEventAdaptor/initialloadoutputwebsocket HTTP/1.1" 101 - "-" "Mozilla/5.0 (X11; Linux x86_64) AppleWebKit/537.36 (KHTML, like Gecko) Chrome/36.0.1985.125 Safari/537.36"
10.100.4.126 - - [28/Jan/2015:10:57:50 +0530] "GET /inputwebsocket/InitialLoadInputEventAdaptor/initialloadinputwebsocket HTTP/1.1" 101 - "-" "Mozilla/5.0 (X11; Linux x86_64) AppleWebKit/537.36 (KHTML, like Gecko) Chrome/36.0.1985.125 Safari/537.36"
10.100.4.126 - - [28/Jan/2015:11:03:33 +0530] "GET /outputwebsocket/UIOutputEventAdaptor/feedwebsocket HTTP/1.1" 101 - "-" "Mozilla/5.0 (X11; Linux x86_64) AppleWebKit/537.36 (KHTML, like Gecko) Chrome/36.0.1985.125 Safari/537.36"
10.100.4.126 - - [28/Jan/2015:11:03:33 +0530] "GET /outputwebsocket/InitialLoadOutputEventAdaptor/initialloadoutputwebsocket HTTP/1.1" 101 - "-" "Mozilla/5.0 (X11; Linux x86_64) AppleWebKit/537.36 (KHTML, like Gecko) Chrome/36.0.1985.125 Safari/537.36"
10.100.4.126 - - [28/Jan/2015:11:03:33 +0530] "GET /inputwebsocket/InitialLoadInputEventAdaptor/initialloadinputwebsocket HTTP/1.1" 101 - "-" "Mozilla/5.0 (X11; Linux x86_64) AppleWebKit/537.36 (KHTML, like Gecko) Chrome/36.0.1985.125 Safari/537.36"
10.100.4.126 - - [28/Jan/2015:11:08:12 +0530] "GET /outputwebsocket/UIOutputEventAdaptor/feedwebsocket HTTP/1.1" 101 - "-" "Mozilla/5.0 (X11; Linux x86_64) AppleWebKit/537.36 (KHTML, like Gecko) Chrome/36.0.1985.125 Safari/537.36"
10.100.4.126 - - [28/Jan/2015:11:08:12 +0530] "GET /outputwebsocket/InitialLoadOutputEventAdaptor/initialloadoutputwebsocket HTTP/1.1" 101 - "-" "Mozilla/5.0 (X11; Linux x86_64) AppleWebKit/537.36 (KHTML, like Gecko) Chrome/36.0.1985.125 Safari/537.36"
10.100.4.126 - - [28/Jan/2015:11:08:12 +0530] "GET /inputwebsocket/InitialLoadInputEventAdaptor/initialloadinputwebsocket HTTP/1.1" 101 - "-" "Mozilla/5.0 (X11; Linux x86_64) AppleWebKit/537.36 (KHTML, like Gecko) Chrome/36.0.1985.125 Safari/537.36"
10.100.4.126 - - [28/Jan/2015:11:08:49 +0530] "GET /outputwebsocket/UIOutputEventAdaptor/feedwebsocket HTTP/1.1" 101 - "-" "Mozilla/5.0 (X11; Linux x86_64) AppleWebKit/537.36 (KHTML, like Gecko) Chrome/36.0.1985.125 Safari/537.36"
10.100.4.126 - - [28/Jan/2015:11:08:49 +0530] "GET /outputwebsocket/InitialLoadOutputEventAdaptor/initialloadoutputwebsocket HTTP/1.1" 101 - "-" "Mozilla/5.0 (X11; Linux x86_64) AppleWebKit/537.36 (KHTML, like Gecko) Chrome/36.0.1985.125 Safari/537.36"
10.100.4.126 - - [28/Jan/2015:11:08:49 +0530] "GET /inputwebsocket/InitialLoadInputEventAdaptor/initialloadinputwebsocket HTTP/1.1" 101 - "-" "Mozilla/5.0 (X11; Linux x86_64) AppleWebKit/537.36 (KHTML, like Gecko) Chrome/36.0.1985.125 Safari/537.36"
10.100.4.126 - - [28/Jan/2015:11:09:47 +0530] "GET /outputwebsocket/UIOutputEventAdaptor/feedwebsocket HTTP/1.1" 101 - "-" "Mozilla/5.0 (X11; Linux x86_64) AppleWebKit/537.36 (KHTML, like Gecko) Chrome/36.0.1985.125 Safari/537.36"
10.100.4.126 - - [28/Jan/2015:11:09:47 +0530] "GET /outputwebsocket/InitialLoadOutputEventAdaptor/initialloadoutputwebsocket HTTP/1.1" 101 - "-" "Mozilla/5.0 (X11; Linux x86_64) AppleWebKit/537.36 (KHTML, like Gecko) Chrome/36.0.1985.125 Safari/537.36"
10.100.4.126 - - [28/Jan/2015:11:09:47 +0530] "GET /inputwebsocket/InitialLoadInputEventAdaptor/initialloadinputwebsocket HTTP/1.1" 101 - "-" "Mozilla/5.0 (X11; Linux x86_64) AppleWebKit/537.36 (KHTML, like Gecko) Chrome/36.0.1985.125 Safari/537.36"
10.100.4.126 - - [28/Jan/2015:11:19:05 +0530] "GET /outputwebsocket/UIOutputEventAdaptor/feedwebsocket HTTP/1.1" 101 - "-" "Mozilla/5.0 (X11; Linux x86_64) AppleWebKit/537.36 (KHTML, like Gecko) Chrome/36.0.1985.125 Safari/537.36"
10.100.4.126 - - [28/Jan/2015:11:19:05 +0530] "GET /outputwebsocket/InitialLoadOutputEventAdaptor/initialloadoutputwebsocket HTTP/1.1" 101 - "-" "Mozilla/5.0 (X11; Linux x86_64) AppleWebKit/537.36 (KHTML, like Gecko) Chrome/36.0.1985.125 Safari/537.36"
10.100.4.126 - - [28/Jan/2015:11:19:05 +0530] "GET /inputwebsocket/InitialLoadInputEventAdaptor/initialloadinputwebsocket HTTP/1.1" 101 - "-" "Mozilla/5.0 (X11; Linux x86_64) AppleWebKit/537.36 (KHTML, like Gecko) Chrome/36.0.1985.125 Safari/537.36"
10.100.4.126 - - [28/Jan/2015:11:19:16 +0530] "GET /outputwebsocket/UIOutputEventAdaptor/feedwebsocket HTTP/1.1" 101 - "-" "Mozilla/5.0 (X11; Linux x86_64) AppleWebKit/537.36 (KHTML, like Gecko) Chrome/36.0.1985.125 Safari/537.36"
10.100.4.126 - - [28/Jan/2015:11:19:16 +0530] "GET /outputwebsocket/InitialLoadOutputEventAdaptor/initialloadoutputwebsocket HTTP/1.1" 101 - "-" "Mozilla/5.0 (X11; Linux x86_64) AppleWebKit/537.36 (KHTML, like Gecko) Chrome/36.0.1985.125 Safari/537.36"
10.100.4.126 - - [28/Jan/2015:11:19:16 +0530] "GET /inputwebsocket/InitialLoadInputEventAdaptor/initialloadinputwebsocket HTTP/1.1" 101 - "-" "Mozilla/5.0 (X11; Linux x86_64) AppleWebKit/537.36 (KHTML, like Gecko) Chrome/36.0.1985.125 Safari/537.36"
10.100.5.89 - - [28/Jan/2015:11:22:59 +0530] "GET /outputwebsocket/UIOutputEventAdaptor/feedwebsocket HTTP/1.1" 101 - "-" "Mozilla/5.0 (X11; Linux x86_64) AppleWebKit/537.36 (KHTML, like Gecko) Ubuntu Chromium/37.0.2062.120 Chrome/37.0.2062.120 Safari/537.36"
10.100.5.89 - - [28/Jan/2015:11:22:59 +0530] "GET /outputwebsocket/InitialLoadOutputEventAdaptor/initialloadoutputwebsocket HTTP/1.1" 101 - "-" "Mozilla/5.0 (X11; Linux x86_64) AppleWebKit/537.36 (KHTML, like Gecko) Ubuntu Chromium/37.0.2062.120 Chrome/37.0.2062.120 Safari/537.36"
10.100.5.89 - - [28/Jan/2015:11:22:59 +0530] "GET /inputwebsocket/InitialLoadInputEventAdaptor/initialloadinputwebsocket HTTP/1.1" 101 - "-" "Mozilla/5.0 (X11; Linux x86_64) AppleWebKit/537.36 (KHTML, like Gecko) Ubuntu Chromium/37.0.2062.120 Chrome/37.0.2062.120 Safari/537.36"
10.100.5.89 - - [28/Jan/2015:11:23:21 +0530] "GET /outputwebsocket/SearchOutputEventAdapter/searchoutputwebsocket HTTP/1.1" 101 - "-" "Mozilla/5.0 (X11; Linux x86_64) AppleWebKit/537.36 (KHTML, like Gecko) Ubuntu Chromium/37.0.2062.120 Chrome/37.0.2062.120 Safari/537.36"
10.100.5.89 - - [28/Jan/2015:11:23:21 +0530] "GET /inputwebsocket/SearchInputEventAdaptor/searchinputwebsocket HTTP/1.1" 101 - "-" "Mozilla/5.0 (X11; Linux x86_64) AppleWebKit/537.36 (KHTML, like Gecko) Ubuntu Chromium/37.0.2062.120 Chrome/37.0.2062.120 Safari/537.36"
10.100.5.89 - - [28/Jan/2015:11:23:32 +0530] "GET /outputwebsocket/UIOutputEventAdaptor/feedwebsocket HTTP/1.1" 101 - "-" "Mozilla/5.0 (X11; Linux x86_64) AppleWebKit/537.36 (KHTML, like Gecko) Ubuntu Chromium/37.0.2062.120 Chrome/37.0.2062.120 Safari/537.36"
10.100.5.89 - - [28/Jan/2015:11:23:32 +0530] "GET /outputwebsocket/InitialLoadOutputEventAdaptor/initialloadoutputwebsocket HTTP/1.1" 101 - "-" "Mozilla/5.0 (X11; Linux x86_64) AppleWebKit/537.36 (KHTML, like Gecko) Ubuntu Chromium/37.0.2062.120 Chrome/37.0.2062.120 Safari/537.36"
10.100.5.89 - - [28/Jan/2015:11:23:32 +0530] "GET /inputwebsocket/InitialLoadInputEventAdaptor/initialloadinputwebsocket HTTP/1.1" 101 - "-" "Mozilla/5.0 (X11; Linux x86_64) AppleWebKit/537.36 (KHTML, like Gecko) Ubuntu Chromium/37.0.2062.120 Chrome/37.0.2062.120 Safari/537.36"
10.100.5.89 - - [28/Jan/2015:11:23:38 +0530] "GET /outputwebsocket/UIOutputEventAdaptor/feedwebsocket HTTP/1.1" 101 - "-" "Mozilla/5.0 (X11; Linux x86_64) AppleWebKit/537.36 (KHTML, like Gecko) Ubuntu Chromium/37.0.2062.120 Chrome/37.0.2062.120 Safari/537.36"
10.100.5.89 - - [28/Jan/2015:11:23:38 +0530] "GET /outputwebsocket/InitialLoadOutputEventAdaptor/initialloadoutputwebsocket HTTP/1.1" 101 - "-" "Mozilla/5.0 (X11; Linux x86_64) AppleWebKit/537.36 (KHTML, like Gecko) Ubuntu Chromium/37.0.2062.120 Chrome/37.0.2062.120 Safari/537.36"
10.100.5.89 - - [28/Jan/2015:11:23:38 +0530] "GET /inputwebsocket/InitialLoadInputEventAdaptor/initialloadinputwebsocket HTTP/1.1" 101 - "-" "Mozilla/5.0 (X11; Linux x86_64) AppleWebKit/537.36 (KHTML, like Gecko) Ubuntu Chromium/37.0.2062.120 Chrome/37.0.2062.120 Safari/537.36"
10.100.4.126 - - [28/Jan/2015:11:25:12 +0530] "GET /outputwebsocket/UIOutputEventAdaptor/feedwebsocket HTTP/1.1" 101 - "-" "Mozilla/5.0 (X11; Linux x86_64) AppleWebKit/537.36 (KHTML, like Gecko) Chrome/36.0.1985.125 Safari/537.36"
10.100.4.126 - - [28/Jan/2015:11:25:12 +0530] "GET /outputwebsocket/InitialLoadOutputEventAdaptor/initialloadoutputwebsocket HTTP/1.1" 101 - "-" "Mozilla/5.0 (X11; Linux x86_64) AppleWebKit/537.36 (KHTML, like Gecko) Chrome/36.0.1985.125 Safari/537.36"
10.100.4.126 - - [28/Jan/2015:11:25:12 +0530] "GET /inputwebsocket/InitialLoadInputEventAdaptor/initialloadinputwebsocket HTTP/1.1" 101 - "-" "Mozilla/5.0 (X11; Linux x86_64) AppleWebKit/537.36 (KHTML, like Gecko) Chrome/36.0.1985.125 Safari/537.36"
10.100.5.89 - - [28/Jan/2015:11:25:32 +0530] "GET /outputwebsocket/SearchOutputEventAdapter/searchoutputwebsocket HTTP/1.1" 101 - "-" "Mozilla/5.0 (X11; Linux x86_64) AppleWebKit/537.36 (KHTML, like Gecko) Ubuntu Chromium/37.0.2062.120 Chrome/37.0.2062.120 Safari/537.36"
10.100.5.89 - - [28/Jan/2015:11:25:32 +0530] "GET /inputwebsocket/SearchInputEventAdaptor/searchinputwebsocket HTTP/1.1" 101 - "-" "Mozilla/5.0 (X11; Linux x86_64) AppleWebKit/537.36 (KHTML, like Gecko) Ubuntu Chromium/37.0.2062.120 Chrome/37.0.2062.120 Safari/537.36"
10.100.5.89 - - [28/Jan/2015:11:25:36 +0530] "GET /outputwebsocket/UIOutputEventAdaptor/feedwebsocket HTTP/1.1" 101 - "-" "Mozilla/5.0 (X11; Linux x86_64) AppleWebKit/537.36 (KHTML, like Gecko) Ubuntu Chromium/37.0.2062.120 Chrome/37.0.2062.120 Safari/537.36"
10.100.5.89 - - [28/Jan/2015:11:25:36 +0530] "GET /outputwebsocket/InitialLoadOutputEventAdaptor/initialloadoutputwebsocket HTTP/1.1" 101 - "-" "Mozilla/5.0 (X11; Linux x86_64) AppleWebKit/537.36 (KHTML, like Gecko) Ubuntu Chromium/37.0.2062.120 Chrome/37.0.2062.120 Safari/537.36"
10.100.5.89 - - [28/Jan/2015:11:25:36 +0530] "GET /inputwebsocket/InitialLoadInputEventAdaptor/initialloadinputwebsocket HTTP/1.1" 101 - "-" "Mozilla/5.0 (X11; Linux x86_64) AppleWebKit/537.36 (KHTML, like Gecko) Ubuntu Chromium/37.0.2062.120 Chrome/37.0.2062.120 Safari/537.36"
127.0.0.1 - - [28/Jan/2015:11:26:14 +0530] "POST /endpoints/twitter_input_adaptor/live_tweet HTTP/1.1" 200 - "-" "Synapse-PT-HttpComponents-NIO"
10.100.5.89 - - [28/Jan/2015:11:27:03 +0530] "GET /outputwebsocket/SearchOutputEventAdapter/searchoutputwebsocket HTTP/1.1" 101 - "-" "Mozilla/5.0 (X11; Linux x86_64) AppleWebKit/537.36 (KHTML, like Gecko) Ubuntu Chromium/37.0.2062.120 Chrome/37.0.2062.120 Safari/537.36"
10.100.5.89 - - [28/Jan/2015:11:27:03 +0530] "GET /inputwebsocket/SearchInputEventAdaptor/searchinputwebsocket HTTP/1.1" 101 - "-" "Mozilla/5.0 (X11; Linux x86_64) AppleWebKit/537.36 (KHTML, like Gecko) Ubuntu Chromium/37.0.2062.120 Chrome/37.0.2062.120 Safari/537.36"
10.100.5.89 - - [28/Jan/2015:11:27:23 +0530] "GET /outputwebsocket/UIOutputEventAdaptor/feedwebsocket HTTP/1.1" 101 - "-" "Mozilla/5.0 (X11; Linux x86_64) AppleWebKit/537.36 (KHTML, like Gecko) Ubuntu Chromium/37.0.2062.120 Chrome/37.0.2062.120 Safari/537.36"
10.100.5.89 - - [28/Jan/2015:11:27:23 +0530] "GET /outputwebsocket/InitialLoadOutputEventAdaptor/initialloadoutputwebsocket HTTP/1.1" 101 - "-" "Mozilla/5.0 (X11; Linux x86_64) AppleWebKit/537.36 (KHTML, like Gecko) Ubuntu Chromium/37.0.2062.120 Chrome/37.0.2062.120 Safari/537.36"
10.100.5.89 - - [28/Jan/2015:11:27:23 +0530] "GET /inputwebsocket/InitialLoadInputEventAdaptor/initialloadinputwebsocket HTTP/1.1" 101 - "-" "Mozilla/5.0 (X11; Linux x86_64) AppleWebKit/537.36 (KHTML, like Gecko) Ubuntu Chromium/37.0.2062.120 Chrome/37.0.2062.120 Safari/537.36"
10.100.4.126 - - [28/Jan/2015:11:28:14 +0530] "GET /outputwebsocket/UIOutputEventAdaptor/feedwebsocket HTTP/1.1" 101 - "-" "Mozilla/5.0 (X11; Linux x86_64) AppleWebKit/537.36 (KHTML, like Gecko) Chrome/36.0.1985.125 Safari/537.36"
10.100.4.126 - - [28/Jan/2015:11:28:14 +0530] "GET /outputwebsocket/InitialLoadOutputEventAdaptor/initialloadoutputwebsocket HTTP/1.1" 101 - "-" "Mozilla/5.0 (X11; Linux x86_64) AppleWebKit/537.36 (KHTML, like Gecko) Chrome/36.0.1985.125 Safari/537.36"
10.100.4.126 - - [28/Jan/2015:11:28:14 +0530] "GET /inputwebsocket/InitialLoadInputEventAdaptor/initialloadinputwebsocket HTTP/1.1" 101 - "-" "Mozilla/5.0 (X11; Linux x86_64) AppleWebKit/537.36 (KHTML, like Gecko) Chrome/36.0.1985.125 Safari/537.36"
127.0.0.1 - - [28/Jan/2015:11:30:07 +0530] "POST /endpoints/twitter_input_adaptor/live_tweet HTTP/1.1" 200 - "-" "Synapse-PT-HttpComponents-NIO"
127.0.0.1 - - [28/Jan/2015:11:30:33 +0530] "POST /endpoints/twitter_input_adaptor/live_tweet HTTP/1.1" 200 - "-" "Synapse-PT-HttpComponents-NIO"
10.100.5.89 - - [28/Jan/2015:11:32:30 +0530] "GET /outputwebsocket/UIOutputEventAdaptor/feedwebsocket HTTP/1.1" 101 - "-" "Mozilla/5.0 (X11; Linux x86_64) AppleWebKit/537.36 (KHTML, like Gecko) Ubuntu Chromium/37.0.2062.120 Chrome/37.0.2062.120 Safari/537.36"
10.100.5.89 - - [28/Jan/2015:11:32:30 +0530] "GET /outputwebsocket/InitialLoadOutputEventAdaptor/initialloadoutputwebsocket HTTP/1.1" 101 - "-" "Mozilla/5.0 (X11; Linux x86_64) AppleWebKit/537.36 (KHTML, like Gecko) Ubuntu Chromium/37.0.2062.120 Chrome/37.0.2062.120 Safari/537.36"
10.100.5.89 - - [28/Jan/2015:11:32:30 +0530] "GET /inputwebsocket/InitialLoadInputEventAdaptor/initialloadinputwebsocket HTTP/1.1" 101 - "-" "Mozilla/5.0 (X11; Linux x86_64) AppleWebKit/537.36 (KHTML, like Gecko) Ubuntu Chromium/37.0.2062.120 Chrome/37.0.2062.120 Safari/537.36"
10.100.5.89 - - [28/Jan/2015:11:32:38 +0530] "GET /outputwebsocket/UIOutputEventAdaptor/feedwebsocket HTTP/1.1" 101 - "-" "Mozilla/5.0 (X11; Linux x86_64) AppleWebKit/537.36 (KHTML, like Gecko) Ubuntu Chromium/37.0.2062.120 Chrome/37.0.2062.120 Safari/537.36"
10.100.5.89 - - [28/Jan/2015:11:32:38 +0530] "GET /outputwebsocket/InitialLoadOutputEventAdaptor/initialloadoutputwebsocket HTTP/1.1" 101 - "-" "Mozilla/5.0 (X11; Linux x86_64) AppleWebKit/537.36 (KHTML, like Gecko) Ubuntu Chromium/37.0.2062.120 Chrome/37.0.2062.120 Safari/537.36"
10.100.5.89 - - [28/Jan/2015:11:32:38 +0530] "GET /inputwebsocket/InitialLoadInputEventAdaptor/initialloadinputwebsocket HTTP/1.1" 101 - "-" "Mozilla/5.0 (X11; Linux x86_64) AppleWebKit/537.36 (KHTML, like Gecko) Ubuntu Chromium/37.0.2062.120 Chrome/37.0.2062.120 Safari/537.36"
10.100.5.89 - - [28/Jan/2015:11:32:40 +0530] "GET /outputwebsocket/UIOutputEventAdaptor/feedwebsocket HTTP/1.1" 101 - "-" "Mozilla/5.0 (X11; Linux x86_64) AppleWebKit/537.36 (KHTML, like Gecko) Ubuntu Chromium/37.0.2062.120 Chrome/37.0.2062.120 Safari/537.36"
10.100.5.89 - - [28/Jan/2015:11:32:40 +0530] "GET /outputwebsocket/InitialLoadOutputEventAdaptor/initialloadoutputwebsocket HTTP/1.1" 101 - "-" "Mozilla/5.0 (X11; Linux x86_64) AppleWebKit/537.36 (KHTML, like Gecko) Ubuntu Chromium/37.0.2062.120 Chrome/37.0.2062.120 Safari/537.36"
10.100.5.89 - - [28/Jan/2015:11:32:40 +0530] "GET /inputwebsocket/InitialLoadInputEventAdaptor/initialloadinputwebsocket HTTP/1.1" 101 - "-" "Mozilla/5.0 (X11; Linux x86_64) AppleWebKit/537.36 (KHTML, like Gecko) Ubuntu Chromium/37.0.2062.120 Chrome/37.0.2062.120 Safari/537.36"
10.100.4.126 - - [28/Jan/2015:11:34:54 +0530] "GET /outputwebsocket/UIOutputEventAdaptor/feedwebsocket HTTP/1.1" 101 - "-" "Mozilla/5.0 (X11; Linux x86_64) AppleWebKit/537.36 (KHTML, like Gecko) Chrome/36.0.1985.125 Safari/537.36"
10.100.4.126 - - [28/Jan/2015:11:34:54 +0530] "GET /outputwebsocket/InitialLoadOutputEventAdaptor/initialloadoutputwebsocket HTTP/1.1" 101 - "-" "Mozilla/5.0 (X11; Linux x86_64) AppleWebKit/537.36 (KHTML, like Gecko) Chrome/36.0.1985.125 Safari/537.36"
10.100.4.126 - - [28/Jan/2015:11:34:54 +0530] "GET /inputwebsocket/InitialLoadInputEventAdaptor/initialloadinputwebsocket HTTP/1.1" 101 - "-" "Mozilla/5.0 (X11; Linux x86_64) AppleWebKit/537.36 (KHTML, like Gecko) Chrome/36.0.1985.125 Safari/537.36"
10.100.5.89 - - [28/Jan/2015:11:35:43 +0530] "GET /outputwebsocket/UIOutputEventAdaptor/feedwebsocket HTTP/1.1" 101 - "-" "Mozilla/5.0 (X11; Linux x86_64) AppleWebKit/537.36 (KHTML, like Gecko) Ubuntu Chromium/37.0.2062.120 Chrome/37.0.2062.120 Safari/537.36"
10.100.5.89 - - [28/Jan/2015:11:36:15 +0530] "GET /outputwebsocket/UIOutputEventAdaptor/feedwebsocket HTTP/1.1" 101 - "-" "Mozilla/5.0 (X11; Linux x86_64) AppleWebKit/537.36 (KHTML, like Gecko) Ubuntu Chromium/37.0.2062.120 Chrome/37.0.2062.120 Safari/537.36"
10.100.5.89 - - [28/Jan/2015:11:37:11 +0530] "GET /outputwebsocket/UIOutputEventAdaptor/feedwebsocket HTTP/1.1" 101 - "-" "Mozilla/5.0 (X11; Linux x86_64) AppleWebKit/537.36 (KHTML, like Gecko) Ubuntu Chromium/37.0.2062.120 Chrome/37.0.2062.120 Safari/537.36"
10.100.5.89 - - [28/Jan/2015:11:38:47 +0530] "GET /outputwebsocket/UIOutputEventAdaptor/feedwebsocket HTTP/1.1" 101 - "-" "Mozilla/5.0 (X11; Linux x86_64) AppleWebKit/537.36 (KHTML, like Gecko) Ubuntu Chromium/37.0.2062.120 Chrome/37.0.2062.120 Safari/537.36"
10.100.4.126 - - [28/Jan/2015:11:39:30 +0530] "GET /outputwebsocket/UIOutputEventAdaptor/feedwebsocket HTTP/1.1" 101 - "-" "Mozilla/5.0 (X11; Linux x86_64) AppleWebKit/537.36 (KHTML, like Gecko) Chrome/36.0.1985.125 Safari/537.36"
10.100.4.126 - - [28/Jan/2015:11:39:30 +0530] "GET /outputwebsocket/InitialLoadOutputEventAdaptor/initialloadoutputwebsocket HTTP/1.1" 101 - "-" "Mozilla/5.0 (X11; Linux x86_64) AppleWebKit/537.36 (KHTML, like Gecko) Chrome/36.0.1985.125 Safari/537.36"
10.100.4.126 - - [28/Jan/2015:11:39:30 +0530] "GET /inputwebsocket/InitialLoadInputEventAdaptor/initialloadinputwebsocket HTTP/1.1" 101 - "-" "Mozilla/5.0 (X11; Linux x86_64) AppleWebKit/537.36 (KHTML, like Gecko) Chrome/36.0.1985.125 Safari/537.36"
10.100.5.89 - - [28/Jan/2015:11:39:44 +0530] "GET /outputwebsocket/UIOutputEventAdaptor/feedwebsocket HTTP/1.1" 101 - "-" "Mozilla/5.0 (X11; Linux x86_64) AppleWebKit/537.36 (KHTML, like Gecko) Ubuntu Chromium/37.0.2062.120 Chrome/37.0.2062.120 Safari/537.36"
10.100.5.89 - - [28/Jan/2015:11:41:55 +0530] "GET /outputwebsocket/UIOutputEventAdaptor/feedwebsocket HTTP/1.1" 101 - "-" "Mozilla/5.0 (X11; Linux x86_64) AppleWebKit/537.36 (KHTML, like Gecko) Ubuntu Chromium/37.0.2062.120 Chrome/37.0.2062.120 Safari/537.36"
10.100.5.89 - - [28/Jan/2015:11:41:59 +0530] "GET /outputwebsocket/UIOutputEventAdaptor/feedwebsocket HTTP/1.1" 101 - "-" "Mozilla/5.0 (X11; Linux x86_64) AppleWebKit/537.36 (KHTML, like Gecko) Ubuntu Chromium/37.0.2062.120 Chrome/37.0.2062.120 Safari/537.36"
10.100.5.89 - - [28/Jan/2015:11:42:07 +0530] "GET /outputwebsocket/UIOutputEventAdaptor/feedwebsocket HTTP/1.1" 101 - "-" "Mozilla/5.0 (X11; Linux x86_64) AppleWebKit/537.36 (KHTML, like Gecko) Ubuntu Chromium/37.0.2062.120 Chrome/37.0.2062.120 Safari/537.36"
10.100.5.89 - - [28/Jan/2015:11:42:28 +0530] "GET /outputwebsocket/UIOutputEventAdaptor/feedwebsocket HTTP/1.1" 101 - "-" "Mozilla/5.0 (X11; Linux x86_64) AppleWebKit/537.36 (KHTML, like Gecko) Ubuntu Chromium/37.0.2062.120 Chrome/37.0.2062.120 Safari/537.36"
10.100.5.89 - - [28/Jan/2015:11:42:33 +0530] "GET /outputwebsocket/UIOutputEventAdaptor/feedwebsocket HTTP/1.1" 101 - "-" "Mozilla/5.0 (X11; Linux x86_64) AppleWebKit/537.36 (KHTML, like Gecko) Ubuntu Chromium/37.0.2062.120 Chrome/37.0.2062.120 Safari/537.36"
10.100.5.89 - - [28/Jan/2015:11:43:55 +0530] "GET /outputwebsocket/UIOutputEventAdaptor/feedwebsocket HTTP/1.1" 101 - "-" "Mozilla/5.0 (X11; Linux x86_64) AppleWebKit/537.36 (KHTML, like Gecko) Ubuntu Chromium/37.0.2062.120 Chrome/37.0.2062.120 Safari/537.36"
127.0.0.1 - - [28/Jan/2015:11:44:06 +0530] "POST /endpoints/twitter_input_adaptor/live_tweet HTTP/1.1" 200 - "-" "Synapse-PT-HttpComponents-NIO"
10.100.5.89 - - [28/Jan/2015:11:44:06 +0530] "GET /outputwebsocket/UIOutputEventAdaptor/feedwebsocket HTTP/1.1" 101 - "-" "Mozilla/5.0 (X11; Linux x86_64) AppleWebKit/537.36 (KHTML, like Gecko) Ubuntu Chromium/37.0.2062.120 Chrome/37.0.2062.120 Safari/537.36"
10.100.5.89 - - [28/Jan/2015:11:46:30 +0530] "GET /outputwebsocket/UIOutputEventAdaptor/feedwebsocket HTTP/1.1" 101 - "-" "Mozilla/5.0 (X11; Linux x86_64) AppleWebKit/537.36 (KHTML, like Gecko) Ubuntu Chromium/37.0.2062.120 Chrome/37.0.2062.120 Safari/537.36"
10.100.4.126 - - [28/Jan/2015:11:46:52 +0530] "GET /outputwebsocket/UIOutputEventAdaptor/feedwebsocket HTTP/1.1" 101 - "-" "Mozilla/5.0 (X11; Linux x86_64) AppleWebKit/537.36 (KHTML, like Gecko) Chrome/36.0.1985.125 Safari/537.36"
10.100.4.126 - - [28/Jan/2015:11:46:52 +0530] "GET /outputwebsocket/InitialLoadOutputEventAdaptor/initialloadoutputwebsocket HTTP/1.1" 101 - "-" "Mozilla/5.0 (X11; Linux x86_64) AppleWebKit/537.36 (KHTML, like Gecko) Chrome/36.0.1985.125 Safari/537.36"
10.100.4.126 - - [28/Jan/2015:11:46:52 +0530] "GET /inputwebsocket/InitialLoadInputEventAdaptor/initialloadinputwebsocket HTTP/1.1" 101 - "-" "Mozilla/5.0 (X11; Linux x86_64) AppleWebKit/537.36 (KHTML, like Gecko) Chrome/36.0.1985.125 Safari/537.36"
10.100.4.126 - - [28/Jan/2015:11:47:47 +0530] "GET /outputwebsocket/UIOutputEventAdaptor/feedwebsocket HTTP/1.1" 101 - "-" "Mozilla/5.0 (X11; Linux x86_64) AppleWebKit/537.36 (KHTML, like Gecko) Chrome/36.0.1985.125 Safari/537.36"
10.100.4.126 - - [28/Jan/2015:11:47:47 +0530] "GET /outputwebsocket/InitialLoadOutputEventAdaptor/initialloadoutputwebsocket HTTP/1.1" 101 - "-" "Mozilla/5.0 (X11; Linux x86_64) AppleWebKit/537.36 (KHTML, like Gecko) Chrome/36.0.1985.125 Safari/537.36"
10.100.4.126 - - [28/Jan/2015:11:47:47 +0530] "GET /inputwebsocket/InitialLoadInputEventAdaptor/initialloadinputwebsocket HTTP/1.1" 101 - "-" "Mozilla/5.0 (X11; Linux x86_64) AppleWebKit/537.36 (KHTML, like Gecko) Chrome/36.0.1985.125 Safari/537.36"
10.100.5.89 - - [28/Jan/2015:11:48:47 +0530] "GET /outputwebsocket/UIOutputEventAdaptor/feedwebsocket HTTP/1.1" 101 - "-" "Mozilla/5.0 (X11; Linux x86_64) AppleWebKit/537.36 (KHTML, like Gecko) Ubuntu Chromium/37.0.2062.120 Chrome/37.0.2062.120 Safari/537.36"
127.0.0.1 - - [28/Jan/2015:11:49:26 +0530] "POST /endpoints/twitter_input_adaptor/live_tweet HTTP/1.1" 200 - "-" "Synapse-PT-HttpComponents-NIO"
10.100.5.89 - - [28/Jan/2015:11:50:48 +0530] "GET /outputwebsocket/UIOutputEventAdaptor/feedwebsocket HTTP/1.1" 101 - "-" "Mozilla/5.0 (X11; Linux x86_64) AppleWebKit/537.36 (KHTML, like Gecko) Ubuntu Chromium/37.0.2062.120 Chrome/37.0.2062.120 Safari/537.36"
127.0.0.1 - - [28/Jan/2015:11:51:35 +0530] "POST /endpoints/twitter_input_adaptor/live_tweet HTTP/1.1" 200 - "-" "Synapse-PT-HttpComponents-NIO"
10.100.5.89 - - [28/Jan/2015:11:51:45 +0530] "GET /outputwebsocket/UIOutputEventAdaptor/feedwebsocket HTTP/1.1" 101 - "-" "Mozilla/5.0 (X11; Linux x86_64) AppleWebKit/537.36 (KHTML, like Gecko) Ubuntu Chromium/37.0.2062.120 Chrome/37.0.2062.120 Safari/537.36"
10.100.5.89 - - [28/Jan/2015:11:54:22 +0530] "GET /outputwebsocket/UIOutputEventAdaptor/feedwebsocket HTTP/1.1" 101 - "-" "Mozilla/5.0 (X11; Linux x86_64) AppleWebKit/537.36 (KHTML, like Gecko) Ubuntu Chromium/37.0.2062.120 Chrome/37.0.2062.120 Safari/537.36"
10.100.5.89 - - [28/Jan/2015:11:54:23 +0530] "GET /outputwebsocket/UIOutputEventAdaptor/feedwebsocket HTTP/1.1" 101 - "-" "Mozilla/5.0 (X11; Linux x86_64) AppleWebKit/537.36 (KHTML, like Gecko) Ubuntu Chromium/37.0.2062.120 Chrome/37.0.2062.120 Safari/537.36"
10.100.5.89 - - [28/Jan/2015:11:54:27 +0530] "GET /outputwebsocket/UIOutputEventAdaptor/feedwebsocket HTTP/1.1" 101 - "-" "Mozilla/5.0 (X11; Linux x86_64) AppleWebKit/537.36 (KHTML, like Gecko) Ubuntu Chromium/37.0.2062.120 Chrome/37.0.2062.120 Safari/537.36"
127.0.0.1 - - [28/Jan/2015:11:54:40 +0530] "POST /endpoints/twitter_input_adaptor/live_tweet HTTP/1.1" 200 - "-" "Synapse-PT-HttpComponents-NIO"
10.100.5.89 - - [28/Jan/2015:11:54:54 +0530] "GET /outputwebsocket/UIOutputEventAdaptor/feedwebsocket HTTP/1.1" 101 - "-" "Mozilla/5.0 (X11; Linux x86_64) AppleWebKit/537.36 (KHTML, like Gecko) Ubuntu Chromium/37.0.2062.120 Chrome/37.0.2062.120 Safari/537.36"
10.100.5.89 - - [28/Jan/2015:11:55:01 +0530] "GET /outputwebsocket/UIOutputEventAdaptor/feedwebsocket HTTP/1.1" 101 - "-" "Mozilla/5.0 (X11; Linux x86_64) AppleWebKit/537.36 (KHTML, like Gecko) Ubuntu Chromium/37.0.2062.120 Chrome/37.0.2062.120 Safari/537.36"
10.100.5.89 - - [28/Jan/2015:11:55:02 +0530] "GET /outputwebsocket/UIOutputEventAdaptor/feedwebsocket HTTP/1.1" 101 - "-" "Mozilla/5.0 (X11; Linux x86_64) AppleWebKit/537.36 (KHTML, like Gecko) Ubuntu Chromium/37.0.2062.120 Chrome/37.0.2062.120 Safari/537.36"
10.100.5.89 - - [28/Jan/2015:11:55:04 +0530] "GET /outputwebsocket/UIOutputEventAdaptor/feedwebsocket HTTP/1.1" 101 - "-" "Mozilla/5.0 (X11; Linux x86_64) AppleWebKit/537.36 (KHTML, like Gecko) Ubuntu Chromium/37.0.2062.120 Chrome/37.0.2062.120 Safari/537.36"
10.100.5.89 - - [28/Jan/2015:11:55:06 +0530] "GET /outputwebsocket/UIOutputEventAdaptor/feedwebsocket HTTP/1.1" 101 - "-" "Mozilla/5.0 (X11; Linux x86_64) AppleWebKit/537.36 (KHTML, like Gecko) Ubuntu Chromium/37.0.2062.120 Chrome/37.0.2062.120 Safari/537.36"
10.100.5.89 - - [28/Jan/2015:11:55:43 +0530] "GET /outputwebsocket/UIOutputEventAdaptor/feedwebsocket HTTP/1.1" 101 - "-" "Mozilla/5.0 (X11; Linux x86_64) AppleWebKit/537.36 (KHTML, like Gecko) Ubuntu Chromium/37.0.2062.120 Chrome/37.0.2062.120 Safari/537.36"
10.100.5.89 - - [28/Jan/2015:11:55:47 +0530] "GET /outputwebsocket/UIOutputEventAdaptor/feedwebsocket HTTP/1.1" 101 - "-" "Mozilla/5.0 (X11; Linux x86_64) AppleWebKit/537.36 (KHTML, like Gecko) Ubuntu Chromium/37.0.2062.120 Chrome/37.0.2062.120 Safari/537.36"
10.100.5.89 - - [28/Jan/2015:11:56:02 +0530] "GET /outputwebsocket/UIOutputEventAdaptor/feedwebsocket HTTP/1.1" 101 - "-" "Mozilla/5.0 (X11; Linux x86_64) AppleWebKit/537.36 (KHTML, like Gecko) Ubuntu Chromium/37.0.2062.120 Chrome/37.0.2062.120 Safari/537.36"
10.100.5.89 - - [28/Jan/2015:11:56:06 +0530] "GET /outputwebsocket/UIOutputEventAdaptor/feedwebsocket HTTP/1.1" 101 - "-" "Mozilla/5.0 (X11; Linux x86_64) AppleWebKit/537.36 (KHTML, like Gecko) Ubuntu Chromium/37.0.2062.120 Chrome/37.0.2062.120 Safari/537.36"
10.100.5.89 - - [28/Jan/2015:11:57:03 +0530] "GET /outputwebsocket/UIOutputEventAdaptor/feedwebsocket HTTP/1.1" 101 - "-" "Mozilla/5.0 (X11; Linux x86_64) AppleWebKit/537.36 (KHTML, like Gecko) Ubuntu Chromium/37.0.2062.120 Chrome/37.0.2062.120 Safari/537.36"
10.100.5.89 - - [28/Jan/2015:11:57:05 +0530] "GET /outputwebsocket/UIOutputEventAdaptor/feedwebsocket HTTP/1.1" 101 - "-" "Mozilla/5.0 (X11; Linux x86_64) AppleWebKit/537.36 (KHTML, like Gecko) Ubuntu Chromium/37.0.2062.120 Chrome/37.0.2062.120 Safari/537.36"
127.0.0.1 - - [28/Jan/2015:11:57:26 +0530] "POST /endpoints/twitter_input_adaptor/live_tweet HTTP/1.1" 200 - "-" "Synapse-PT-HttpComponents-NIO"
10.100.5.89 - - [28/Jan/2015:11:57:41 +0530] "GET /outputwebsocket/UIOutputEventAdaptor/feedwebsocket HTTP/1.1" 101 - "-" "Mozilla/5.0 (X11; Linux x86_64) AppleWebKit/537.36 (KHTML, like Gecko) Ubuntu Chromium/37.0.2062.120 Chrome/37.0.2062.120 Safari/537.36"
10.100.5.89 - - [28/Jan/2015:11:57:44 +0530] "GET /outputwebsocket/UIOutputEventAdaptor/feedwebsocket HTTP/1.1" 101 - "-" "Mozilla/5.0 (X11; Linux x86_64) AppleWebKit/537.36 (KHTML, like Gecko) Ubuntu Chromium/37.0.2062.120 Chrome/37.0.2062.120 Safari/537.36"
10.100.5.89 - - [28/Jan/2015:11:57:48 +0530] "GET /outputwebsocket/UIOutputEventAdaptor/feedwebsocket HTTP/1.1" 101 - "-" "Mozilla/5.0 (X11; Linux x86_64) AppleWebKit/537.36 (KHTML, like Gecko) Ubuntu Chromium/37.0.2062.120 Chrome/37.0.2062.120 Safari/537.36"
10.100.5.89 - - [28/Jan/2015:11:57:49 +0530] "GET /outputwebsocket/UIOutputEventAdaptor/feedwebsocket HTTP/1.1" 101 - "-" "Mozilla/5.0 (X11; Linux x86_64) AppleWebKit/537.36 (KHTML, like Gecko) Ubuntu Chromium/37.0.2062.120 Chrome/37.0.2062.120 Safari/537.36"
10.100.5.89 - - [28/Jan/2015:11:57:54 +0530] "GET /outputwebsocket/UIOutputEventAdaptor/feedwebsocket HTTP/1.1" 101 - "-" "Mozilla/5.0 (X11; Linux x86_64) AppleWebKit/537.36 (KHTML, like Gecko) Ubuntu Chromium/37.0.2062.120 Chrome/37.0.2062.120 Safari/537.36"
10.100.5.89 - - [28/Jan/2015:11:58:24 +0530] "GET /outputwebsocket/UIOutputEventAdaptor/feedwebsocket HTTP/1.1" 101 - "-" "Mozilla/5.0 (X11; Linux x86_64) AppleWebKit/537.36 (KHTML, like Gecko) Ubuntu Chromium/37.0.2062.120 Chrome/37.0.2062.120 Safari/537.36"
10.100.5.89 - - [28/Jan/2015:11:58:26 +0530] "GET /outputwebsocket/UIOutputEventAdaptor/feedwebsocket HTTP/1.1" 101 - "-" "Mozilla/5.0 (X11; Linux x86_64) AppleWebKit/537.36 (KHTML, like Gecko) Ubuntu Chromium/37.0.2062.120 Chrome/37.0.2062.120 Safari/537.36"
127.0.0.1 - - [28/Jan/2015:12:03:02 +0530] "POST /endpoints/twitter_input_adaptor/live_tweet HTTP/1.1" 200 - "-" "Synapse-PT-HttpComponents-NIO"
10.100.5.89 - - [28/Jan/2015:12:03:07 +0530] "GET /outputwebsocket/UIOutputEventAdaptor/feedwebsocket HTTP/1.1" 101 - "-" "Mozilla/5.0 (X11; Linux x86_64) AppleWebKit/537.36 (KHTML, like Gecko) Ubuntu Chromium/37.0.2062.120 Chrome/37.0.2062.120 Safari/537.36"
10.100.4.126 - - [28/Jan/2015:12:04:21 +0530] "GET /outputwebsocket/UIOutputEventAdaptor/feedwebsocket HTTP/1.1" 101 - "-" "Mozilla/5.0 (X11; Linux x86_64) AppleWebKit/537.36 (KHTML, like Gecko) Chrome/36.0.1985.125 Safari/537.36"
10.100.4.126 - - [28/Jan/2015:12:04:21 +0530] "GET /outputwebsocket/InitialLoadOutputEventAdaptor/initialloadoutputwebsocket HTTP/1.1" 101 - "-" "Mozilla/5.0 (X11; Linux x86_64) AppleWebKit/537.36 (KHTML, like Gecko) Chrome/36.0.1985.125 Safari/537.36"
10.100.4.126 - - [28/Jan/2015:12:04:21 +0530] "GET /inputwebsocket/InitialLoadInputEventAdaptor/initialloadinputwebsocket HTTP/1.1" 101 - "-" "Mozilla/5.0 (X11; Linux x86_64) AppleWebKit/537.36 (KHTML, like Gecko) Chrome/36.0.1985.125 Safari/537.36"
127.0.0.1 - - [28/Jan/2015:12:07:37 +0530] "POST /endpoints/twitter_input_adaptor/live_tweet HTTP/1.1" 200 - "-" "Synapse-PT-HttpComponents-NIO"
10.100.5.89 - - [28/Jan/2015:12:07:44 +0530] "GET /outputwebsocket/UIOutputEventAdaptor/feedwebsocket HTTP/1.1" 101 - "-" "Mozilla/5.0 (X11; Linux x86_64) AppleWebKit/537.36 (KHTML, like Gecko) Ubuntu Chromium/37.0.2062.120 Chrome/37.0.2062.120 Safari/537.36"
10.100.5.89 - - [28/Jan/2015:12:07:46 +0530] "GET /outputwebsocket/UIOutputEventAdaptor/feedwebsocket HTTP/1.1" 101 - "-" "Mozilla/5.0 (X11; Linux x86_64) AppleWebKit/537.36 (KHTML, like Gecko) Ubuntu Chromium/37.0.2062.120 Chrome/37.0.2062.120 Safari/537.36"
10.100.4.126 - - [28/Jan/2015:12:13:12 +0530] "GET /outputwebsocket/UIOutputEventAdaptor/feedwebsocket HTTP/1.1" 101 - "-" "Mozilla/5.0 (X11; Linux x86_64) AppleWebKit/537.36 (KHTML, like Gecko) Chrome/36.0.1985.125 Safari/537.36"
10.100.4.126 - - [28/Jan/2015:12:13:12 +0530] "GET /outputwebsocket/InitialLoadOutputEventAdaptor/initialloadoutputwebsocket HTTP/1.1" 101 - "-" "Mozilla/5.0 (X11; Linux x86_64) AppleWebKit/537.36 (KHTML, like Gecko) Chrome/36.0.1985.125 Safari/537.36"
10.100.4.126 - - [28/Jan/2015:12:13:12 +0530] "GET /inputwebsocket/InitialLoadInputEventAdaptor/initialloadinputwebsocket HTTP/1.1" 101 - "-" "Mozilla/5.0 (X11; Linux x86_64) AppleWebKit/537.36 (KHTML, like Gecko) Chrome/36.0.1985.125 Safari/537.36"
10.100.4.126 - - [28/Jan/2015:12:16:28 +0530] "GET /outputwebsocket/UIOutputEventAdaptor/feedwebsocket HTTP/1.1" 101 - "-" "Mozilla/5.0 (X11; Linux x86_64) AppleWebKit/537.36 (KHTML, like Gecko) Chrome/36.0.1985.125 Safari/537.36"
10.100.4.126 - - [28/Jan/2015:12:16:28 +0530] "GET /outputwebsocket/InitialLoadOutputEventAdaptor/initialloadoutputwebsocket HTTP/1.1" 101 - "-" "Mozilla/5.0 (X11; Linux x86_64) AppleWebKit/537.36 (KHTML, like Gecko) Chrome/36.0.1985.125 Safari/537.36"
10.100.4.126 - - [28/Jan/2015:12:16:28 +0530] "GET /inputwebsocket/InitialLoadInputEventAdaptor/initialloadinputwebsocket HTTP/1.1" 101 - "-" "Mozilla/5.0 (X11; Linux x86_64) AppleWebKit/537.36 (KHTML, like Gecko) Chrome/36.0.1985.125 Safari/537.36"
127.0.0.1 - - [28/Jan/2015:12:17:53 +0530] "POST /endpoints/twitter_input_adaptor/live_tweet HTTP/1.1" 200 - "-" "Synapse-PT-HttpComponents-NIO"
127.0.0.1 - - [28/Jan/2015:12:35:31 +0530] "POST /endpoints/twitter_input_adaptor/live_tweet HTTP/1.1" 200 - "-" "Synapse-PT-HttpComponents-NIO"
127.0.0.1 - - [28/Jan/2015:12:51:37 +0530] "GET /new HTTP/1.1" 302 - "-" "Mozilla/5.0 (X11; Linux x86_64) AppleWebKit/537.36 (KHTML, like Gecko) Chrome/36.0.1985.125 Safari/537.36"
10.100.4.126 - - [28/Jan/2015:12:51:37 +0530] "GET /carbon/ HTTP/1.1" 302 - "-" "Mozilla/5.0 (X11; Linux x86_64) AppleWebKit/537.36 (KHTML, like Gecko) Chrome/36.0.1985.125 Safari/537.36"
10.100.4.126 - - [28/Jan/2015:12:51:37 +0530] "GET /carbon/admin/index.jsp HTTP/1.1" 302 - "-" "Mozilla/5.0 (X11; Linux x86_64) AppleWebKit/537.36 (KHTML, like Gecko) Chrome/36.0.1985.125 Safari/537.36"
10.100.4.126 - - [28/Jan/2015:12:51:37 +0530] "GET /carbon/admin/login.jsp HTTP/1.1" 200 3370 "-" "Mozilla/5.0 (X11; Linux x86_64) AppleWebKit/537.36 (KHTML, like Gecko) Chrome/36.0.1985.125 Safari/537.36"
10.100.4.126 - - [28/Jan/2015:12:51:38 +0530] "GET /carbon/admin/css/carbonFormStyles.css HTTP/1.1" 200 2050 "https://10.100.4.126:9443/carbon/admin/login.jsp" "Mozilla/5.0 (X11; Linux x86_64) AppleWebKit/537.36 (KHTML, like Gecko) Chrome/36.0.1985.125 Safari/537.36"
10.100.4.126 - - [28/Jan/2015:12:51:38 +0530] "GET /carbon/admin/css/global.css HTTP/1.1" 200 5309 "https://10.100.4.126:9443/carbon/admin/login.jsp" "Mozilla/5.0 (X11; Linux x86_64) AppleWebKit/537.36 (KHTML, like Gecko) Chrome/36.0.1985.125 Safari/537.36"
10.100.4.126 - - [28/Jan/2015:12:51:38 +0530] "GET /carbon/styles/css/main.css HTTP/1.1" 200 1889 "https://10.100.4.126:9443/carbon/admin/login.jsp" "Mozilla/5.0 (X11; Linux x86_64) AppleWebKit/537.36 (KHTML, like Gecko) Chrome/36.0.1985.125 Safari/537.36"
10.100.4.126 - - [28/Jan/2015:12:51:38 +0530] "GET /carbon/dialog/css/dialog.css HTTP/1.1" 200 556 "https://10.100.4.126:9443/carbon/admin/login.jsp" "Mozilla/5.0 (X11; Linux x86_64) AppleWebKit/537.36 (KHTML, like Gecko) Chrome/36.0.1985.125 Safari/537.36"
10.100.4.126 - - [28/Jan/2015:12:51:38 +0530] "GET /carbon/admin/js/jquery.form.js HTTP/1.1" 200 6750 "https://10.100.4.126:9443/carbon/admin/login.jsp" "Mozilla/5.0 (X11; Linux x86_64) AppleWebKit/537.36 (KHTML, like Gecko) Chrome/36.0.1985.125 Safari/537.36"
10.100.4.126 - - [28/Jan/2015:12:51:38 +0530] "GET /carbon/admin/js/jquery.cookie.js HTTP/1.1" 200 1529 "https://10.100.4.126:9443/carbon/admin/login.jsp" "Mozilla/5.0 (X11; Linux x86_64) AppleWebKit/537.36 (KHTML, like Gecko) Chrome/36.0.1985.125 Safari/537.36"
10.100.4.126 - - [28/Jan/2015:12:51:38 +0530] "GET /carbon/admin/js/jquery.validate.js HTTP/1.1" 200 10290 "https://10.100.4.126:9443/carbon/admin/login.jsp" "Mozilla/5.0 (X11; Linux x86_64) AppleWebKit/537.36 (KHTML, like Gecko) Chrome/36.0.1985.125 Safari/537.36"
10.100.4.126 - - [28/Jan/2015:12:51:38 +0530] "GET /carbon/dialog/js/jqueryui/jquery-ui.min.js HTTP/1.1" 200 25705 "https://10.100.4.126:9443/carbon/admin/login.jsp" "Mozilla/5.0 (X11; Linux x86_64) AppleWebKit/537.36 (KHTML, like Gecko) Chrome/36.0.1985.125 Safari/537.36"
10.100.4.126 - - [28/Jan/2015:12:51:38 +0530] "GET /carbon/dialog/css/jqueryui/jqueryui-themeroller.css HTTP/1.1" 200 4020 "https://10.100.4.126:9443/carbon/admin/login.jsp" "Mozilla/5.0 (X11; Linux x86_64) AppleWebKit/537.36 (KHTML, like Gecko) Chrome/36.0.1985.125 Safari/537.36"
10.100.4.126 - - [28/Jan/2015:12:51:38 +0530] "GET /carbon/admin/js/jquery.ui.tabs.min.js HTTP/1.1" 200 3594 "https://10.100.4.126:9443/carbon/admin/login.jsp" "Mozilla/5.0 (X11; Linux x86_64) AppleWebKit/537.36 (KHTML, like Gecko) Chrome/36.0.1985.125 Safari/537.36"
10.100.4.126 - - [28/Jan/2015:12:51:38 +0530] "GET /carbon/admin/js/jquery-1.5.2.min.js HTTP/1.1" 200 30375 "https://10.100.4.126:9443/carbon/admin/login.jsp" "Mozilla/5.0 (X11; Linux x86_64) AppleWebKit/537.36 (KHTML, like Gecko) Chrome/36.0.1985.125 Safari/537.36"
10.100.4.126 - - [28/Jan/2015:12:51:38 +0530] "GET /carbon/admin/js/jquery.ui.widget.min.js HTTP/1.1" 200 1344 "https://10.100.4.126:9443/carbon/admin/login.jsp" "Mozilla/5.0 (X11; Linux x86_64) AppleWebKit/537.36 (KHTML, like Gecko) Chrome/36.0.1985.125 Safari/537.36"
10.100.4.126 - - [28/Jan/2015:12:51:38 +0530] "GET /carbon/admin/js/jquery.ui.core.min.js HTTP/1.1" 200 1996 "https://10.100.4.126:9443/carbon/admin/login.jsp" "Mozilla/5.0 (X11; Linux x86_64) AppleWebKit/537.36 (KHTML, like Gecko) Chrome/36.0.1985.125 Safari/537.36"
10.100.4.126 - - [28/Jan/2015:12:51:38 +0530] "GET /carbon/admin/js/customControls.js HTTP/1.1" 200 1193 "https://10.100.4.126:9443/carbon/admin/login.jsp" "Mozilla/5.0 (X11; Linux x86_64) AppleWebKit/537.36 (KHTML, like Gecko) Chrome/36.0.1985.125 Safari/537.36"
10.100.4.126 - - [28/Jan/2015:12:51:38 +0530] "GET /carbon/dialog/js/dialog.js HTTP/1.1" 200 2127 "https://10.100.4.126:9443/carbon/admin/login.jsp" "Mozilla/5.0 (X11; Linux x86_64) AppleWebKit/537.36 (KHTML, like Gecko) Chrome/36.0.1985.125 Safari/537.36"
10.100.4.126 - - [28/Jan/2015:12:51:38 +0530] "GET /carbon/admin/js/cookies.js HTTP/1.1" 200 1136 "https://10.100.4.126:9443/carbon/admin/login.jsp" "Mozilla/5.0 (X11; Linux x86_64) AppleWebKit/537.36 (KHTML, like Gecko) Chrome/36.0.1985.125 Safari/537.36"
10.100.4.126 - - [28/Jan/2015:12:51:38 +0530] "GET /carbon/admin/js/WSRequest.js HTTP/1.1" 200 12981 "https://10.100.4.126:9443/carbon/admin/login.jsp" "Mozilla/5.0 (X11; Linux x86_64) AppleWebKit/537.36 (KHTML, like Gecko) Chrome/36.0.1985.125 Safari/537.36"
10.100.4.126 - - [28/Jan/2015:12:51:38 +0530] "GET /carbon/yui/build/yahoo-dom-event/yahoo-dom-event.js HTTP/1.1" 200 10684 "https://10.100.4.126:9443/carbon/admin/login.jsp" "Mozilla/5.0 (X11; Linux x86_64) AppleWebKit/537.36 (KHTML, like Gecko) Chrome/36.0.1985.125 Safari/537.36"
10.100.4.126 - - [28/Jan/2015:12:51:38 +0530] "GET /carbon/admin/js/main.js HTTP/1.1" 200 15367 "https://10.100.4.126:9443/carbon/admin/login.jsp" "Mozilla/5.0 (X11; Linux x86_64) AppleWebKit/537.36 (KHTML, like Gecko) Chrome/36.0.1985.125 Safari/537.36"
10.100.4.126 - - [28/Jan/2015:12:51:38 +0530] "GET /carbon/yui/build/yahoo/yahoo-min.js HTTP/1.1" 200 2523 "https://10.100.4.126:9443/carbon/admin/login.jsp" "Mozilla/5.0 (X11; Linux x86_64) AppleWebKit/537.36 (KHTML, like Gecko) Chrome/36.0.1985.125 Safari/537.36"
10.100.4.126 - - [28/Jan/2015:12:51:38 +0530] "GET /carbon/yui/build/animation/animation-min.js HTTP/1.1" 200 4768 "https://10.100.4.126:9443/carbon/admin/login.jsp" "Mozilla/5.0 (X11; Linux x86_64) AppleWebKit/537.36 (KHTML, like Gecko) Chrome/36.0.1985.125 Safari/537.36"
10.100.4.126 - - [28/Jan/2015:12:51:38 +0530] "GET /carbon/yui/build/selector/selector-min.js HTTP/1.1" 200 2895 "https://10.100.4.126:9443/carbon/admin/login.jsp" "Mozilla/5.0 (X11; Linux x86_64) AppleWebKit/537.36 (KHTML, like Gecko) Chrome/36.0.1985.125 Safari/537.36"
10.100.4.126 - - [28/Jan/2015:12:51:38 +0530] "GET /carbon/admin/js/template.js HTTP/1.1" 200 3390 "https://10.100.4.126:9443/carbon/admin/login.jsp" "Mozilla/5.0 (X11; Linux x86_64) AppleWebKit/537.36 (KHTML, like Gecko) Chrome/36.0.1985.125 Safari/537.36"
10.100.4.126 - - [28/Jan/2015:12:51:38 +0530] "GET /carbon/admin/images/1px.gif HTTP/1.1" 200 43 "https://10.100.4.126:9443/carbon/admin/login.jsp" "Mozilla/5.0 (X11; Linux x86_64) AppleWebKit/537.36 (KHTML, like Gecko) Chrome/36.0.1985.125 Safari/537.36"
10.100.4.126 - - [28/Jan/2015:12:51:38 +0530] "GET /carbon/admin/images/user-guide.gif HTTP/1.1" 200 2228 "https://10.100.4.126:9443/carbon/admin/login.jsp" "Mozilla/5.0 (X11; Linux x86_64) AppleWebKit/537.36 (KHTML, like Gecko) Chrome/36.0.1985.125 Safari/537.36"
10.100.4.126 - - [28/Jan/2015:12:51:38 +0530] "GET /carbon/admin/images/forum.gif HTTP/1.1" 200 1977 "https://10.100.4.126:9443/carbon/admin/login.jsp" "Mozilla/5.0 (X11; Linux x86_64) AppleWebKit/537.36 (KHTML, like Gecko) Chrome/36.0.1985.125 Safari/537.36"
10.100.4.126 - - [28/Jan/2015:12:51:38 +0530] "GET /carbon/admin/images/issue-tracker.gif HTTP/1.1" 200 1821 "https://10.100.4.126:9443/carbon/admin/login.jsp" "Mozilla/5.0 (X11; Linux x86_64) AppleWebKit/537.36 (KHTML, like Gecko) Chrome/36.0.1985.125 Safari/537.36"
10.100.4.126 - - [28/Jan/2015:12:51:38 +0530] "GET /carbon/styles/images/cep-home-bg.gif HTTP/1.1" 200 147 "https://10.100.4.126:9443/carbon/admin/login.jsp" "Mozilla/5.0 (X11; Linux x86_64) AppleWebKit/537.36 (KHTML, like Gecko) Chrome/36.0.1985.125 Safari/537.36"
10.100.4.126 - - [28/Jan/2015:12:51:38 +0530] "GET /carbon/admin/images/mailing-list.gif HTTP/1.1" 200 2131 "https://10.100.4.126:9443/carbon/admin/login.jsp" "Mozilla/5.0 (X11; Linux x86_64) AppleWebKit/537.36 (KHTML, like Gecko) Chrome/36.0.1985.125 Safari/537.36"
10.100.4.126 - - [28/Jan/2015:12:51:38 +0530] "GET /carbon/styles/images/back-repeat.png HTTP/1.1" 200 252 "https://10.100.4.126:9443/carbon/admin/login.jsp" "Mozilla/5.0 (X11; Linux x86_64) AppleWebKit/537.36 (KHTML, like Gecko) Chrome/36.0.1985.125 Safari/537.36"
10.100.4.126 - - [28/Jan/2015:12:51:38 +0530] "GET /carbon/styles/images/cep-header-logo.png HTTP/1.1" 200 6368 "https://10.100.4.126:9443/carbon/admin/login.jsp" "Mozilla/5.0 (X11; Linux x86_64) AppleWebKit/537.36 (KHTML, like Gecko) Chrome/36.0.1985.125 Safari/537.36"
10.100.4.126 - - [28/Jan/2015:12:51:38 +0530] "GET /carbon/styles/images/cep-header-bg.png HTTP/1.1" 200 23811 "https://10.100.4.126:9443/carbon/admin/login.jsp" "Mozilla/5.0 (X11; Linux x86_64) AppleWebKit/537.36 (KHTML, like Gecko) Chrome/36.0.1985.125 Safari/537.36"
10.100.4.126 - - [28/Jan/2015:12:51:38 +0530] "GET /carbon/styles/images/menu-margin.gif HTTP/1.1" 200 121 "https://10.100.4.126:9443/carbon/admin/login.jsp" "Mozilla/5.0 (X11; Linux x86_64) AppleWebKit/537.36 (KHTML, like Gecko) Chrome/36.0.1985.125 Safari/537.36"
10.100.4.126 - - [28/Jan/2015:12:51:38 +0530] "GET /carbon/admin/images/help.gif HTTP/1.1" 200 411 "https://10.100.4.126:9443/carbon/admin/login.jsp" "Mozilla/5.0 (X11; Linux x86_64) AppleWebKit/537.36 (KHTML, like Gecko) Chrome/36.0.1985.125 Safari/537.36"
10.100.5.89 - - [28/Jan/2015:13:02:28 +0530] "GET /outputwebsocket/UIOutputEventAdaptor/feedwebsocket HTTP/1.1" 101 - "-" "Mozilla/5.0 (X11; Linux x86_64) AppleWebKit/537.36 (KHTML, like Gecko) Ubuntu Chromium/37.0.2062.120 Chrome/37.0.2062.120 Safari/537.36"
10.100.5.89 - - [28/Jan/2015:13:02:28 +0530] "GET /outputwebsocket/InitialLoadOutputEventAdaptor/initialloadoutputwebsocket HTTP/1.1" 101 - "-" "Mozilla/5.0 (X11; Linux x86_64) AppleWebKit/537.36 (KHTML, like Gecko) Ubuntu Chromium/37.0.2062.120 Chrome/37.0.2062.120 Safari/537.36"
10.100.5.89 - - [28/Jan/2015:13:02:28 +0530] "GET /inputwebsocket/InitialLoadInputEventAdaptor/initialloadinputwebsocket HTTP/1.1" 101 - "-" "Mozilla/5.0 (X11; Linux x86_64) AppleWebKit/537.36 (KHTML, like Gecko) Ubuntu Chromium/37.0.2062.120 Chrome/37.0.2062.120 Safari/537.36"
